{
  "fore": "aft",
  "dang": {"dude": "yeah"},
  "100": "one hundred",
  "test": {
    "hi": "bye"
  }
}
